// Jest Snapshot v1, https://goo.gl/fbAQLP

exports[`TurtleEnableButton should match snapshot 1`] = `
.c0 {
  border-style: inset;
  border-color: none;
  background-color: silver;
  font-size: 4rem;
  display: -webkit-box;
  display: -webkit-flex;
  display: -ms-flexbox;
  display: flex;
  -webkit-box-pack: center;
  -webkit-justify-content: center;
  -ms-flex-pack: center;
  justify-content: center;
  -webkit-align-items: center;
  -webkit-box-align: center;
  -ms-flex-align: center;
  align-items: center;
  padding: 2rem;
  min-width: 7rem;
  -webkit-flex: 1;
  -ms-flex: 1;
  flex: 1;
}

<button
  className="c0"
  onClick={[Function]}
>
  1
</button>
`;
