// Jest Snapshot v1, https://goo.gl/fbAQLP

exports[`Dropdown can be changed 1`] = `
<select
  className={undefined}
  disabled={false}
  onChange={[Function]}
  value="test"
>
  <option>
    test
  </option>
  <option>
    test2
  </option>
</select>
`;
